// Jest Snapshot v1, https://goo.gl/fbAQLP

exports[`<Tracks /> should render 1`] = `
<View
  style={
    Array [
      Object {
        "backgroundColor": "#1c1c1c",
      },
      Object {
        "alignItems": "center",
        "display": "flex",
        "flex": 1,
        "justifyContent": "center",
      },
    ]
  }
  testID="loader"
>
  <ActivityIndicator
    animating={true}
    color="#FFDC3B"
    hidesWhenStopped={true}
    size="small"
  />
</View>
`;
