// Jest Snapshot v1, https://goo.gl/fbAQLP

exports[`<Tracks /> should render 1`] = `
<View
  style={
    Array [
      Object {
        "backgroundColor": "#1c1c1c",
      },
      Object {
        "alignItems": "center",
        "display": "flex",
        "flex": 1,
        "flexDirection": "column",
        "justifyContent": "center",
        "width": "100%",
      },
    ]
  }
  testID="loader"
>
  <View
    style={
      Array [
        Object {
          "backgroundColor": "#1c1c1c",
        },
        undefined,
      ]
    }
  >
    <Text />
  </View>
  <Text
    style={
      Array [
        Object {
          "color": "#fff",
        },
        Object {
          "fontFamily": "Lato_900Black",
          "marginTop": 20,
        },
      ]
    }
  >
    Loading bangers
  </Text>
</View>
`;
